// Jest Snapshot v1, https://goo.gl/fbAQLP

exports[`Pagination component renders Pagination component 1`] = `
<div>
  <div
    class="pagination-container"
  >
    <div
      class="pagination-info"
    >
      <p>
        Showing
      </p>
      <select
        class="select-field"
      >
        <option
          data-testid="option-1"
          value="1"
        >
          1
        </option>
        <option
          data-testid="option-2"
          value="2"
        >
          2
        </option>
        <option
          data-testid="option-3"
          value="3"
        >
          3
        </option>
        <option
          data-testid="option-4"
          value="4"
        >
          4
        </option>
        <option
          data-testid="option-5"
          value="5"
        >
          5
        </option>
        <option
          data-testid="option-6"
          value="6"
        >
          6
        </option>
        <option
          data-testid="option-7"
          value="7"
        >
          7
        </option>
        <option
          data-testid="option-8"
          value="8"
        >
          8
        </option>
        <option
          data-testid="option-9"
          value="9"
        >
          9
        </option>
        <option
          data-testid="option-10"
          value="10"
        >
          10
        </option>
      </select>
      out of 
      10
    </div>
    <div
      class="pagination-pages"
    >
      <span
        class="pagination-arrow"
      >
        <svg
          fill="currentColor"
          height="25"
          stroke="currentColor"
          stroke-width="0"
          viewBox="0 0 24 24"
          width="25"
          xmlns="http://www.w3.org/2000/svg"
        >
          <path
            d="M0 0h24v24H0V0z"
            fill="none"
          />
          <path
            d="M15.41 16.59L10.83 12l4.58-4.59L14 6l-6 6 6 6 1.41-1.41z"
          />
        </svg>
      </span>
      <button
        class="pagination-page active"
      >
        1
      </button>
      <button
        class="pagination-page "
      >
        2
      </button>
      <button
        class="pagination-page "
      >
        3
      </button>
      <span
        class="pagination-dots"
      >
        ...
      </span>
      <button
        class="pagination-page "
      >
        9
      </button>
      <button
        class="pagination-page "
      >
        10
      </button>
      <span
        class="pagination-arrow"
      >
        <svg
          fill="currentColor"
          height="25"
          stroke="currentColor"
          stroke-width="0"
          viewBox="0 0 24 24"
          width="25"
          xmlns="http://www.w3.org/2000/svg"
        >
          <path
            d="M0 0h24v24H0V0z"
            fill="none"
          />
          <path
            d="M8.59 16.59L13.17 12 8.59 7.41 10 6l6 6-6 6-1.41-1.41z"
          />
        </svg>
      </span>
    </div>
  </div>
</div>
`;
