// Jest Snapshot v1, https://goo.gl/fbAQLP

exports[`Table component renders LoginForm component 1`] = `
<div>
  <div>
    <div
      class="table-responsive"
    >
      <table
        class="custom-table"
      >
        <thead>
          <tr>
            <th>
              <div
                class="filter_container"
              >
                organization
                <img
                  alt="filter"
                  class="filter-icon"
                  data-testid="filter-0"
                  src="/assets/icons/users/filter-button.png"
                />
              </div>
            </th>
            <th>
              <div
                class="filter_container"
              >
                username
                <img
                  alt="filter"
                  class="filter-icon"
                  data-testid="filter-1"
                  src="/assets/icons/users/filter-button.png"
                />
              </div>
            </th>
            <th>
              <div
                class="filter_container"
              >
                email
                <img
                  alt="filter"
                  class="filter-icon"
                  data-testid="filter-2"
                  src="/assets/icons/users/filter-button.png"
                />
              </div>
            </th>
            <th>
              <div
                class="filter_container"
              >
                phone number
                <img
                  alt="filter"
                  class="filter-icon"
                  data-testid="filter-3"
                  src="/assets/icons/users/filter-button.png"
                />
              </div>
            </th>
            <th>
              <div
                class="filter_container"
              >
                date joined
                <img
                  alt="filter"
                  class="filter-icon"
                  data-testid="filter-4"
                  src="/assets/icons/users/filter-button.png"
                />
              </div>
            </th>
            <th>
              <div
                class="filter_container"
              >
                status
                <img
                  alt="filter"
                  class="filter-icon"
                  data-testid="filter-5"
                  src="/assets/icons/users/filter-button.png"
                />
              </div>
            </th>
          </tr>
        </thead>
        <tbody
          class="table-body"
        >
          <tr
            class="hide-modal"
          >
            <td
              colspan="3"
            >
              <div
                class="modal show"
              >
                <div
                  class="modal-content"
                >
                  <label>
                    Organization
                    <select>
                      <option
                        disabled=""
                        value=""
                      >
                        Select
                      </option>
                      <option
                        class="options"
                        value="lendsqr"
                      >
                        lendsqr
                      </option>
                      <option
                        class="options"
                        value="lendstar"
                      >
                        lendstar
                      </option>
                      <option
                        class="options"
                        value="irorun"
                      >
                        irorun
                      </option>
                    </select>
                  </label>
                  <label>
                    Username
                    <input
                      placeholder="User"
                      type="text"
                      value=""
                    />
                  </label>
                  <label>
                    Email
                    <input
                      pattern="[a-zA-Z0-9._%+-]+@[a-zA-Z0-9.-]+\\\\.[a-zA-Z]{2,}"
                      placeholder="Email"
                      required=""
                      type="email"
                      value=""
                    />
                  </label>
                  <label>
                    Date
                    <input
                      placeholder="Date"
                      type="date"
                      value=""
                    />
                  </label>
                  <label>
                    Phone Number
                    <input
                      placeholder="Phone"
                      type="text"
                      value=""
                    />
                  </label>
                  <label>
                    Status
                    <select>
                      <option
                        class="options"
                        disabled=""
                        value=""
                      >
                        Select
                      </option>
                      <option
                        class="options"
                        value="active"
                      >
                        Active
                      </option>
                      <option
                        class="options"
                        value="pending"
                      >
                        Pending
                      </option>
                      <option
                        class="options"
                        value="inactive"
                      >
                        Inactive
                      </option>
                      <option
                        class="options"
                        value="blacklisted"
                      >
                        Blacklisted
                      </option>
                    </select>
                  </label>
                  <div
                    class="button-container"
                  >
                    <button
                      class="btn cancel_button"
                    >
                      Cancel
                    </button>
                    <button
                      class="btn apply_button"
                    >
                      Apply
                    </button>
                  </div>
                </div>
              </div>
            </td>
          </tr>
        </tbody>
      </table>
    </div>
    <div
      class="pagination-container"
    >
      <div
        class="pagination-info"
      >
        <p>
          Showing
        </p>
        <select
          class="select-field"
        >
          <option
            data-testid="option-1"
            value="1"
          >
            1
          </option>
          <option
            data-testid="option-2"
            value="2"
          >
            2
          </option>
          <option
            data-testid="option-3"
            value="3"
          >
            3
          </option>
        </select>
        out of 
        3
      </div>
      <div
        class="pagination-pages"
      >
        <span
          class="pagination-arrow"
        >
          <svg
            fill="currentColor"
            height="25"
            stroke="currentColor"
            stroke-width="0"
            viewBox="0 0 24 24"
            width="25"
            xmlns="http://www.w3.org/2000/svg"
          >
            <path
              d="M0 0h24v24H0V0z"
              fill="none"
            />
            <path
              d="M15.41 16.59L10.83 12l4.58-4.59L14 6l-6 6 6 6 1.41-1.41z"
            />
          </svg>
        </span>
        <button
          class="pagination-page active"
        >
          1
        </button>
        <button
          class="pagination-page "
        >
          2
        </button>
        <button
          class="pagination-page "
        >
          3
        </button>
        <button
          class="pagination-page "
        >
          2
        </button>
        <button
          class="pagination-page "
        >
          3
        </button>
        <span
          class="pagination-arrow"
        >
          <svg
            fill="currentColor"
            height="25"
            stroke="currentColor"
            stroke-width="0"
            viewBox="0 0 24 24"
            width="25"
            xmlns="http://www.w3.org/2000/svg"
          >
            <path
              d="M0 0h24v24H0V0z"
              fill="none"
            />
            <path
              d="M8.59 16.59L13.17 12 8.59 7.41 10 6l6 6-6 6-1.41-1.41z"
            />
          </svg>
        </span>
      </div>
    </div>
  </div>
</div>
`;
